// Jest Snapshot v1, https://goo.gl/fbAQLP

exports[`status actions should create an action to toggle the channel list 1`] = `
Object {
  "type": "TOGGLE_CHANNEL_LIST",
}
`;

exports[`status actions should create an action to update status 1`] = `
Object {
  "payload": Object {
    "thumbnail": "https://yt3.ggpht.com/photo.jpg",
    "title": "DevTips",
  },
  "type": "UPDATE_STATUS",
}
`;
