// Jest Snapshot v1, https://goo.gl/fbAQLP

exports[`Channel should render self 1`] = `
<li
  className="channel"
  onClick={[Function]}
>
  <img
    alt="DevTips"
    className="thumbnail"
    src="https://yt3.ggpht.com/photo.jpg"
  />
  <div>
    <h3
      className="title"
    >
      DevTips
    </h3>
    <span
      className="subscribers"
    >
      243,600
       subscribers
    </span>
    <span
      className="videos"
    >
      292
       videos
    </span>
  </div>
</li>
`;
