// Jest Snapshot v1, https://goo.gl/fbAQLP

exports[`CommentList should render self with comments 1`] = `
<ul
  className="commentList"
>
  <Comment
    author="Miron Swyst"
    avatar="https://yt3.ggpht.com/photo.jpg"
    description="background sound , ok , but a bit too interfering to ears* ..."
    publishedAt="a year ago"
  />
  <Comment
    author="gabo2212"
    avatar="https://yt3.ggpht.com/photo.jpg"
    description="Please no music on the background :("
    publishedAt="a year ago"
  />
</ul>
`;

exports[`CommentList should render self with no comments 1`] = `
<ul
  className="commentList"
/>
`;
