// Jest Snapshot v1, https://goo.gl/fbAQLP

exports[`RightColumn when active video should render self 1`] = `
<div
  className="rightColumn"
>
  <TitleBar
    title="Unit testing in JavaScript Part 2 - Your first tests"
  />
  <Player
    id="XsFQEUP1MxI"
  />
  <RatingBar
    dislikeCount="3"
    isPosting={false}
    likeCount="624"
    postRating={[Function]}
    rating={Object {}}
  />
  <Comments />
</div>
`;

exports[`RightColumn when no active video should render self 1`] = `
<div
  className="rightColumn"
>
  <Component
    styles={Object {}}
  />
</div>
`;
