// Jest Snapshot v1, https://goo.gl/fbAQLP

exports[`Status should render self 1`] = `
<div
  className="status"
  onClick={[Function]}
>
  <img
    alt="DevTips"
    className="thumbnail"
    src="https://yt3.ggpht.com/photo.jpg"
  />
  <h1
    className="title css-truncate css-truncate-target"
  >
    DevTips
  </h1>
  <Component
    className="iconArrowDropDown"
  />
</div>
`;
